Fri 09/08/2023 
09:00 PM
$PROBLEM    simulated data for ML

$INPUT      ID TIME AMT  DROP  CMT CMTT DV WT EGFR AGE COV1 COV2 EVID PERIOD GROUP TRT SEQ BLQ

$DATA 		U:/FDA/SIMULATED/BE-PASSES/DATA.csv IGNORE=@ REWIND 
$OMEGA  
  1  FIX  	;  ETA(1) CL
  1  FIX  	;  ETA(2) V2 
  1  FIX  	;  ETA(3) KA REFERENCE
  1  FIX  	;  ETA(4) KA TEST
  1  FIX  	;  ETA(5) ALAG1 REFERENCE
  1  FIX 	;  ETA(6) ALAG1 TEST 
  1  FIX  	;  ETA(7) D1 REFERENCE
  1  FIX 	;  ETA(8) D1 TEST 
$OMEGA  BLOCK(4)
  1  FIX ; ETA(9) BOVV
  0 1    ; ETA(10) BOVCL
  0 0 1    ; ETA(11) BOVKA
  0 0 0 1    ; ETA(12) BOVALAG1
$OMEGA   BLOCK(4) SAME ; ETAs 13,14,15,16
$OMEGA   BLOCK(4) SAME ; ETAs 17,18,19,20
$OMEGA   BLOCK(4) SAME ; ETAs 21,22,23,24
$SIGMA  
  1  FIX  ; EPS(1) PROPORTIONAL
  1  FIX  ; EPS(2) ADDITIVE
  ;;;; Start subs
$SUBROUTINE ADVAN4 ;; advan4
$PK

  BOVV=0 
  IF(GROUP.EQ.1) BOVCL = THETA(14)*ETA(10)
  IF(GROUP.EQ.2) BOVCL = THETA(14)*ETA(14)
  IF(GROUP.EQ.3) BOVCL = THETA(14)*ETA(18)
  IF(GROUP.EQ.4) BOVCL = THETA(14)*ETA(22)

  IF(GROUP.EQ.1) BOVKA = THETA(15)*ETA(11)
  IF(GROUP.EQ.2) BOVKA = THETA(15)*ETA(15)
  IF(GROUP.EQ.3) BOVKA = THETA(15)*ETA(19)
  IF(GROUP.EQ.4) BOVKA = THETA(15)*ETA(23)

  BOVALAG1=0 

  ;; EMAIL FROM MICHAEL/SHUHUA 27FEB2023
  ;;CL  = EXP(THETA(1) + THETA(3) * ETA(1) + THETA(34) * ETA(2))
  ;;V2  = EXP(THETA(2) + THETA(34) * ETA(1) + THETA(4) * ETA(2))

  CL 	= EXP(THETA(1)+THETA(3)*ETA(1)    + BOVCL) ;; ETACLV IS CORRELATION OF ETA(V) AND ETA(CL)
  V2 	= EXP(THETA(2)+THETA(4)*ETA(2)    + BOVV) 
  IF(TRT.EQ.1) THEN ;; REFERENCE
  KA 	= EXP(THETA(5) + BOVKA  )  
  F1	= 1
  ALAG1	= EXP(THETA(12))
  ; NO D1
  ELSE   ;; TEST
  KA 	= EXP(THETA(6) + BOVKA )  
  F1 	= EXP(THETA(7))
  ALAG1	= EXP(THETA(13))
  ; NO D1
  END IF   

  S2   	= V2/1000000 	; CONC IN PG/M (NG/L), DOSE IN MG, VOL IN L 
  K=CL/V2  

  K32 	= EXP(THETA(10))
  K23	= EXP(THETA(11))

$ERROR   
  IPRED = F  
  REALOBS = DV ;;; TO PRINT OUT FOR ORG.DAT
  ;; be sure that correct thetas for residual are set in Search_sppc.r
  ADD = EXP(THETA(9))
  PROP = EXP(THETA(8))
  LLOQ = 50 
  SD = SQRT(PROP**2*IPRED**2 + ADD**2) ; Residual weight ADD AND P PROP IN SD AND CV UNITS, NOT VARIANCE
  IF (BLQ.EQ.0) THEN
  F_FLAG=0 ; ELS
  Y = IPRED + SD*EPS(1)                          ; Individual model prediction,
  ENDIF

  IF (BLQ.EQ.1) THEN
  F_FLAG=1 ; LIKELIHOOD
  Y=PHI((LLOQ-IPRED)/SD)
  ENDIF

  ;;;; Start EST

$ESTIMATION METHOD=1 LAPLAC INTER MAX=9999 PRINT=10 NOABORT

$COVARIANCE PRINT=E UNCOND PRECOND=2

$THETA  
  (-1,3.8,10) 		; THETA(1) LN(CL1)
  (-1,5.2,12) 		; THETA(2) LN(V2)
  (-4,-0.61) 		; THETA(3) LN(ETA(CL))
  (-4,-0.38)		; THETA(4) LN(ETA(V))
  (-5,-0.4,5)	 	; THETA(5) LN(KA) REFERENCE
  (-5,0.6,5)	 	; THETA(6) LN(KA) TEST 
  (-3,0.15,1)	 	; THETA(7) LN(F) TEST  
  (-6,-0.8,2)		; THETA(8) LN(PROPERROR)
  (-7,1,3)		; THETA(9) LN(ADDERROR)
  (-5,-2.53064,5) 		; THETA(10) LN(K32)
  (-5,-0.89632,5) 		; THETA(11) LN(K23)
  (-5,-2,5)		; THETA(12) LN(ALAG) REFERENCE 
  (-5,-2,5) 		; THETA(13) LN(ALAG) test
  ; NO D1
  ;;no eta on ka
  ;; NO BOVV 
  (-4,-0.3,5)	; THETA(14) BOVCL 
  (-4,-0.3,5)	; THETA(15) BOVKA 
  ;; NO BOVALAG1  
  ;; NO COVARIANCE BETWEEN V AND CL  


;; Phenotype 
;; OrderedDict([('ADVAN', 2), ('KAETA', 0), ('ALAG1', 2), ('BOVALAG1', 0), ('DURATION1', 0), ('BOVV', 0), ('BOVCL', 1), ('BOVKA', 1), ('COVARVCL', 1)])
;; Genotype 
;; [1, 1, 0, 1, 0, 0, 0, 0, 0, 1, 1, 1]
;; Num non-influential tokens = 0  
NM-TRAN MESSAGES 
  
 WARNINGS AND ERRORS (IF ANY) FOR PROBLEM    1
             
 (WARNING  2) NM-TRAN INFERS THAT THE DATA ARE POPULATION.
             
 (WARNING  3) THERE MAY BE AN ERROR IN THE ABBREVIATED CODE. THE FOLLOWING
 ONE OR MORE RANDOM VARIABLES ARE DEFINED WITH "IF" STATEMENTS THAT DO NOT
 PROVIDE DEFINITIONS FOR BOTH THE "THEN" AND "ELSE" CASES. IF ALL
 CONDITIONS FAIL, THE VALUES OF THESE VARIABLES WILL BE ZERO.
  
   BOVCL BOVKA Y

             
 (WARNING  25) NO. OF ETAS EXCEEDS CONSTANT LVR2 AND "LAPLACIAN" IS
 SPECIFIED.
             
 (WARNING  87) WITH "LAPLACIAN" AND "INTERACTION", "NUMERICAL" AND "SLOW"
 ARE ALSO REQUIRED ON $ESTIM RECORD, AND "SLOW" IS REQUIRED ON $COV
 RECORD. NM-TRAN HAS SUPPLIED THESE OPTIONS.
  
License Registered to: Certara
Expiration Date:    14 MAR 2024
Current Date:        8 SEP 2023
Days until program expires : 191
1NONLINEAR MIXED EFFECTS MODEL PROGRAM (NONMEM) VERSION 7.4.3
 ORIGINALLY DEVELOPED BY STUART BEAL, LEWIS SHEINER, AND ALISON BOECKMANN
 CURRENT DEVELOPERS ARE ROBERT BAUER, ICON DEVELOPMENT SOLUTIONS,
 AND ALISON BOECKMANN. IMPLEMENTATION, EFFICIENCY, AND STANDARDIZATION
 PERFORMED BY NOUS INFOSYSTEMS.

 PROBLEM NO.:         1
 simulated data for ML
0DATA CHECKOUT RUN:              NO
 DATA SET LOCATED ON UNIT NO.:    2
 THIS UNIT TO BE REWOUND:        NO
 NO. OF DATA RECS IN DATA SET:     3648
 NO. OF DATA ITEMS IN DATA SET:  18
 ID DATA ITEM IS DATA ITEM NO.:   1
 DEP VARIABLE IS DATA ITEM NO.:   6
 MDV DATA ITEM IS DATA ITEM NO.: 18
0INDICES PASSED TO SUBROUTINE PRED:
  12   2   3   0   0   0   4   0   0   0   0
0LABELS FOR DATA ITEMS:
 ID TIME AMT CMT CMTT DV WT EGFR AGE COV1 COV2 EVID PERIOD GROUP TRT SEQ BLQ MDV
0FORMAT FOR DATA:
 (E3.0,E5.0,E3.0,2E2.0,E9.0,2E6.0,E3.0,2E5.0,6E2.0,1F2.0)

 TOT. NO. OF OBS RECS:     3456
 TOT. NO. OF INDIVIDUALS:       48
0LENGTH OF THETA:  15
0DEFAULT THETA BOUNDARY TEST OMITTED:    NO
0OMEGA HAS BLOCK FORM:
  1
  0  2
  0  0  3
  0  0  0  4
  0  0  0  0  5
  0  0  0  0  0  6
  0  0  0  0  0  0  7
  0  0  0  0  0  0  0  8
  0  0  0  0  0  0  0  0  9
  0  0  0  0  0  0  0  0  9  9
  0  0  0  0  0  0  0  0  9  9  9
  0  0  0  0  0  0  0  0  9  9  9  9
  0  0  0  0  0  0  0  0  0  0  0  0  9
  0  0  0  0  0  0  0  0  0  0  0  0  9  9
  0  0  0  0  0  0  0  0  0  0  0  0  9  9  9
  0  0  0  0  0  0  0  0  0  0  0  0  9  9  9  9
  0  0  0  0  0  0  0  0  0  0  0  0  0  0  0  0  9
  0  0  0  0  0  0  0  0  0  0  0  0  0  0  0  0  9  9
  0  0  0  0  0  0  0  0  0  0  0  0  0  0  0  0  9  9  9
  0  0  0  0  0  0  0  0  0  0  0  0  0  0  0  0  9  9  9  9
  0  0  0  0  0  0  0  0  0  0  0  0  0  0  0  0  0  0  0  0  9
  0  0  0  0  0  0  0  0  0  0  0  0  0  0  0  0  0  0  0  0  9  9
  0  0  0  0  0  0  0  0  0  0  0  0  0  0  0  0  0  0  0  0  9  9  9
  0  0  0  0  0  0  0  0  0  0  0  0  0  0  0  0  0  0  0  0  9  9  9  9
0DEFAULT OMEGA BOUNDARY TEST OMITTED:    NO
0SIGMA HAS SIMPLE DIAGONAL FORM WITH DIMENSION:   2
0DEFAULT SIGMA BOUNDARY TEST OMITTED:    NO
0INITIAL ESTIMATE OF THETA:
 LOWER BOUND    INITIAL EST    UPPER BOUND
 -0.1000E+01     0.3800E+01     0.1000E+02
 -0.1000E+01     0.5200E+01     0.1200E+02
 -0.4000E+01    -0.6100E+00     0.1000E+07
 -0.4000E+01    -0.3800E+00     0.1000E+07
 -0.5000E+01    -0.4000E+00     0.5000E+01
 -0.5000E+01     0.6000E+00     0.5000E+01
 -0.3000E+01     0.1500E+00     0.1000E+01
 -0.6000E+01    -0.8000E+00     0.2000E+01
 -0.7000E+01     0.1000E+01     0.3000E+01
 -0.5000E+01    -0.2531E+01     0.5000E+01
 -0.5000E+01    -0.8963E+00     0.5000E+01
 -0.5000E+01    -0.2000E+01     0.5000E+01
 -0.5000E+01    -0.2000E+01     0.5000E+01
 -0.4000E+01    -0.3000E+00     0.5000E+01
 -0.4000E+01    -0.3000E+00     0.5000E+01
0INITIAL ESTIMATE OF OMEGA:
 BLOCK SET NO.   BLOCK                                                                    FIXED
        1                                                                                  YES
                  0.1000E+01
        2                                                                                  YES
                  0.1000E+01
        3                                                                                  YES
                  0.1000E+01
        4                                                                                  YES
                  0.1000E+01
        5                                                                                  YES
                  0.1000E+01
        6                                                                                  YES
                  0.1000E+01
        7                                                                                  YES
                  0.1000E+01
        8                                                                                  YES
                  0.1000E+01
        9                                                                                  YES
                  0.1000E+01
                  0.0000E+00   0.1000E+01
                  0.0000E+00   0.0000E+00   0.1000E+01
                  0.0000E+00   0.0000E+00   0.0000E+00   0.1000E+01
0INITIAL ESTIMATE OF SIGMA:
 0.1000E+01
 0.0000E+00   0.1000E+01
0SIGMA CONSTRAINED TO BE THIS INITIAL ESTIMATE
0COVARIANCE STEP OMITTED:        NO
 EIGENVLS. PRINTED:             YES
 SPECIAL COMPUTATION:            NO
 COMPRESSED FORMAT:              NO
 GRADIENT METHOD USED:       SLOW
 SIGDIGITS ETAHAT (SIGLO):                  -1
 SIGDIGITS GRADIENTS (SIGL):                -1
 EXCLUDE COV FOR FOCE (NOFCOV):              NO
 TURN OFF Cholesky Transposition of R Matrix (CHOLROFF): NO
 KNUTHSUMOFF:                                -1
 RESUME COV ANALYSIS (RESUME):               NO
 SIR SAMPLE SIZE (SIRSAMPLE):              -1
 NON-LINEARLY TRANSFORM THETAS DURING COV (THBND): 1
 PRECONDTIONING CYCLES (PRECOND):        2
 PRECONDTIONING TYPES (PRECONDS):        TOS
 FORCED PRECONDTIONING CYCLES (PFCOND):0
 PRECONDTIONING TYPE (PRETYPE):        0
 FORCED POS. DEFINITE SETTING: (FPOSDEF):0
1DOUBLE PRECISION PREDPP VERSION 7.4.3

 TWO COMPARTMENT MODEL WITH FIRST-ORDER ABSORPTION (ADVAN4)
0MAXIMUM NO. OF BASIC PK PARAMETERS:   5
0BASIC PK PARAMETERS (AFTER TRANSLATION):
   BASIC PK PARAMETER NO.  1: ELIMINATION RATE (K)
   BASIC PK PARAMETER NO.  2: CENTRAL-TO-PERIPH. RATE (K23)
   BASIC PK PARAMETER NO.  3: PERIPH.-TO-CENTRAL RATE (K32)
   BASIC PK PARAMETER NO.  5: ABSORPTION RATE (KA)
0COMPARTMENT ATTRIBUTES
 COMPT. NO.   FUNCTION   INITIAL    ON/OFF      DOSE      DEFAULT    DEFAULT
                         STATUS     ALLOWED    ALLOWED    FOR DOSE   FOR OBS.
    1         DEPOT        OFF        YES        YES        YES        NO
    2         CENTRAL      ON         NO         YES        NO         YES
    3         PERIPH.      ON         NO         YES        NO         NO
    4         OUTPUT       OFF        YES        NO         NO         NO
1
 ADDITIONAL PK PARAMETERS - ASSIGNMENT OF ROWS IN GG
 COMPT. NO.                             INDICES
              SCALE      BIOAVAIL.   ZERO-ORDER  ZERO-ORDER  ABSORB
                         FRACTION    RATE        DURATION    LAG
    1            *           6           *           *           7
    2            8           *           *           *           *
    3            *           *           *           *           *
    4            *           -           -           -           -
             - PARAMETER IS NOT ALLOWED FOR THIS MODEL
             * PARAMETER IS NOT SUPPLIED BY PK SUBROUTINE;
               WILL DEFAULT TO ONE IF APPLICABLE
0DATA ITEM INDICES USED BY PRED ARE:
   EVENT ID DATA ITEM IS DATA ITEM NO.:     12
   TIME DATA ITEM IS DATA ITEM NO.:          2
   DOSE AMOUNT DATA ITEM IS DATA ITEM NO.:   3
   COMPT. NO. DATA ITEM IS DATA ITEM NO.:    4

0PK SUBROUTINE CALLED WITH EVERY EVENT RECORD.
 PK SUBROUTINE NOT CALLED AT NONEVENT (ADDITIONAL OR LAGGED) DOSE TIMES.
0ERROR SUBROUTINE CALLED WITH EVERY EVENT RECORD.
1


 #TBLN:      1
 #METH: Laplacian Conditional Estimation with Interaction

 ESTIMATION STEP OMITTED:                 NO
 ANALYSIS TYPE:                           POPULATION
 NUMBER OF SADDLE POINT RESET ITERATIONS:      0
 GRADIENT METHOD USED:               SLOW
 CONDITIONAL ESTIMATES USED:              YES
 CENTERED ETA:                            NO
 EPS-ETA INTERACTION:                     YES
 LAPLACIAN OBJ. FUNC.:                    YES
 NUMERICAL 2ND DERIVATIVES:               YES
 NO. OF FUNCT. EVALS. ALLOWED:            9999
 NO. OF SIG. FIGURES REQUIRED:            3
 INTERMEDIATE PRINTOUT:                   YES
 ESTIMATE OUTPUT TO MSF:                  NO
 ABORT WITH PRED EXIT CODE 1:             NO
 IND. OBJ. FUNC. VALUES SORTED:           NO
 NUMERICAL DERIVATIVE
       FILE REQUEST (NUMDER):               NONE
 MAP (ETAHAT) ESTIMATION METHOD (OPTMAP):   0
 ETA HESSIAN EVALUATION METHOD (ETADER):    0
 INITIAL ETA FOR MAP ESTIMATION (MCETA):    0
 SIGDIGITS FOR MAP ESTIMATION (SIGLO):      100
 GRADIENT SIGDIGITS OF
       FIXED EFFECTS PARAMETERS (SIGL):     100
 NOPRIOR SETTING (NOPRIOR):                 OFF
 NOCOV SETTING (NOCOV):                     OFF
 DERCONT SETTING (DERCONT):                 OFF
 FINAL ETA RE-EVALUATION (FNLETA):          ON
 EXCLUDE NON-INFLUENTIAL (NON-INFL.) ETAS
       IN SHRINKAGE (ETASTYPE):             NO
 NON-INFL. ETA CORRECTION (NONINFETA):      OFF
 RAW OUTPUT FILE (FILE): NM_4S020_32.ext
 EXCLUDE TITLE (NOTITLE):                   NO
 EXCLUDE COLUMN LABELS (NOLABEL):           NO
 FORMAT FOR ADDITIONAL FILES (FORMAT):      S1PE12.5
 PARAMETER ORDER FOR OUTPUTS (ORDER):       TSOL
 WISHART PRIOR DF INTERPRETATION (WISHTYPE):0
 KNUTHSUMOFF:                               0
 INCLUDE LNTWOPI:                           NO
 INCLUDE CONSTANT TERM TO PRIOR (PRIORC):   NO
 INCLUDE CONSTANT TERM TO OMEGA (ETA) (OLNTWOPI):NO
 ADDITIONAL CONVERGENCE TEST (CTYPE=4)?:    NO
 EM OR BAYESIAN METHOD USED:                 NONE


 THE FOLLOWING LABELS ARE EQUIVALENT
 PRED=PREDI
 RES=RESI
 WRES=WRESI
 IWRS=IWRESI
 IPRD=IPREDI
 IRS=IRESI

 MONITORING OF SEARCH:


0ITERATION NO.:    0    OBJECTIVE VALUE:   25050.6238794980        NO. OF FUNC. EVALS.:  16
 CUMULATIVE NO. OF FUNC. EVALS.:       16
 NPARAMETR:  3.8000E+00  5.2000E+00 -6.1000E-01 -3.8000E-01 -4.0000E-01  6.0000E-01  1.5000E-01 -8.0000E-01  1.0000E+00 -2.5306E+00
            -8.9632E-01 -2.0000E+00 -2.0000E+00 -3.0000E-01 -3.0000E-01
 PARAMETER:  1.0000E-01  1.0000E-01  1.0000E-01  1.0000E-01  1.0000E-01  1.0000E-01  1.0000E-01  1.0000E-01  1.0000E-01  1.0000E-01
             1.0000E-01  1.0000E-01  1.0000E-01  1.0000E-01  1.0000E-01
 GRADIENT:  -4.5488E+03 -8.0336E+02  6.2204E+04  1.1623E+04  1.1090E+03  2.3483E+03  3.2843E+02 -6.2304E+03  1.4806E+03 -1.7607E+02
            -7.2121E+02  2.7541E+02  3.2780E+02  1.6143E+04  1.9500E+04

0ITERATION NO.:   10    OBJECTIVE VALUE:   11295.7872596546        NO. OF FUNC. EVALS.: 177
 CUMULATIVE NO. OF FUNC. EVALS.:      193
 NPARAMETR:  5.5998E+00  9.5776E+00 -3.1215E+00 -2.2575E+00 -2.4760E-01  4.2105E-01  4.9410E-03 -1.0064E+00  4.1106E-01 -2.6388E+00
            -3.5905E+00 -4.0916E-01 -4.2859E-01 -1.1992E+00 -1.0098E+00
 PARAMETER:  7.6132E-01  1.6663E+00 -1.2504E+00 -6.3114E-01  1.6122E-01  2.7659E-02 -1.0471E-01 -1.1648E-02 -2.3457E-01  4.0951E-02
            -1.3450E+00  7.8327E-01  7.7544E-01 -3.3516E-01 -2.3866E-01
 GRADIENT:  -1.5045E+02 -7.3673E+01  6.8796E+01 -9.8211E-01  1.8100E+01  1.2146E+02  1.4081E+01  1.5811E+03  3.4414E+02 -1.3538E+01
            -4.0551E+01  2.6580E+01 -1.4689E+03  9.5641E+01 -2.9775E+00

0ITERATION NO.:   20    OBJECTIVE VALUE:   11102.4429037919        NO. OF FUNC. EVALS.: 211
 CUMULATIVE NO. OF FUNC. EVALS.:      404
 NPARAMETR:  8.1855E+00  9.5795E+00 -3.4728E+00 -1.7189E+00 -2.3756E-01  1.1763E+00  2.3526E-02 -1.1402E+00  3.1976E-01 -2.1233E+00
            -2.9050E+00 -4.3963E-01 -3.7604E-01 -1.1912E+00 -1.3830E+00
 PARAMETER:  1.9778E+00  1.6673E+00 -1.7609E+00 -3.6181E-01  1.6525E-01  3.3832E-01 -7.9691E-02 -8.2312E-02 -2.8162E-01  3.0830E-01
            -8.6551E-01  7.7099E-01  7.9660E-01 -3.3101E-01 -4.3221E-01
 GRADIENT:   4.2207E+01 -1.1159E+01  5.7051E+01  4.2599E+02  4.8134E+02 -3.3532E+01  2.1588E+03  2.6465E+03 -7.6259E+01  4.9300E+02
             1.0975E+02 -2.0152E+03 -1.8461E+03  5.8679E+02  1.8285E+04

0ITERATION NO.:   30    OBJECTIVE VALUE:   10892.5520824495        NO. OF FUNC. EVALS.: 298
 CUMULATIVE NO. OF FUNC. EVALS.:      702
 NPARAMETR:  9.2810E+00  1.0954E+01 -3.4676E+00 -1.8967E+00 -2.3295E-01  1.1681E+00  2.4052E-02 -1.3327E+00  3.7495E-01 -1.6935E+00
            -2.8256E+00 -4.2382E-01 -3.5031E-01 -1.2160E+00 -1.3067E+00
 PARAMETER:  3.0161E+00  2.6290E+00 -1.7512E+00 -4.4295E-01  1.6710E-01  3.3485E-01 -7.8978E-02 -1.8223E-01 -2.5331E-01  5.0976E-01
            -8.1820E-01  7.7736E-01  8.0694E-01 -3.4384E-01 -3.9149E-01
 GRADIENT:  -1.1474E+01 -1.2683E+01 -7.8009E+00 -6.0091E+01  1.8113E+04  1.8660E+02 -1.3409E+01  3.3426E+02 -2.5424E+02  1.0473E+01
            -6.0354E+01 -1.4770E+03  7.7995E+02  4.1078E+01 -2.5718E+01

0ITERATION NO.:   40    OBJECTIVE VALUE:   10868.9311649987        NO. OF FUNC. EVALS.: 325
 CUMULATIVE NO. OF FUNC. EVALS.:     1027
 NPARAMETR:  9.3456E+00  1.1062E+01 -3.4655E+00 -1.6131E+00 -2.3348E-01  1.1666E+00  2.7353E-02 -1.3982E+00  4.1477E-01 -1.6928E+00
            -2.7285E+00 -4.2118E-01 -3.4721E-01 -1.2222E+00 -1.2806E+00
 PARAMETER:  3.1166E+00  2.7467E+00 -1.7473E+00 -3.1649E-01  1.6688E-01  3.3425E-01 -7.4499E-02 -2.1583E-01 -2.3264E-01  5.1008E-01
            -7.6201E-01  7.7843E-01  8.0819E-01 -3.4708E-01 -3.7768E-01
 GRADIENT:  -1.0622E+01 -1.3969E+01 -7.5775E+00 -6.5056E+01  3.3579E+01  1.9054E+02 -1.0890E+01  5.8530E+01 -3.1584E+01 -8.7324E+00
            -3.9066E+01 -1.5799E+03  1.7200E+03  3.7090E+01 -1.9255E+00

0ITERATION NO.:   48    OBJECTIVE VALUE:   10867.3398567425        NO. OF FUNC. EVALS.: 150
 CUMULATIVE NO. OF FUNC. EVALS.:     1177
 NPARAMETR:  9.3459E+00  1.1062E+01 -3.4644E+00 -1.5550E+00 -2.3350E-01  1.1667E+00  2.7350E-02 -1.3982E+00  4.1475E-01 -1.6929E+00
            -2.7284E+00 -4.2126E-01 -3.4720E-01 -1.2263E+00 -1.2806E+00
 PARAMETER:  3.1172E+00  2.7467E+00 -1.7469E+00 -2.9244E-01  1.6688E-01  3.3425E-01 -7.4499E-02 -2.1583E-01 -2.3264E-01  5.1008E-01
            -7.6201E-01  7.7842E-01  8.0818E-01 -3.4922E-01 -3.7768E-01
 GRADIENT:   1.6159E+03 -1.2705E+01 -7.4851E+00 -8.7394E+03  1.5226E+04 -1.4968E+04  5.0687E+04 -2.3434E+04  2.1753E+04  9.9303E+03
            -3.3651E+03  4.8989E+03 -1.2954E+04 -2.4653E+04 -1.3419E+04
 NUMSIGDIG:         3.3         5.8         1.9         3.3         3.3         3.3         3.3         3.3         3.3         3.3
                    3.3         3.4         3.6         3.3         3.3

 #TERM:
0MINIMIZATION TERMINATED
 DUE TO ROUNDING ERRORS (ERROR=134)
 NO. OF FUNCTION EVALUATIONS USED:     1177
 NO. OF SIG. DIGITS IN FINAL EST.:  1.9

 ETABAR IS THE ARITHMETIC MEAN OF THE ETA-ESTIMATES,
 AND THE P-VALUE IS GIVEN FOR THE NULL HYPOTHESIS THAT THE TRUE MEAN IS 0.

 ETABAR:        -6.2615E-01 -2.7005E-01  0.0000E+00  0.0000E+00  0.0000E+00  0.0000E+00  0.0000E+00  0.0000E+00  0.0000E+00 -2.9989E-01
                 1.7449E-01  0.0000E+00  0.0000E+00 -1.4100E-02  2.2683E-02  0.0000E+00  0.0000E+00  1.0075E-01  5.2017E-01  0.0000E+00
                 0.0000E+00 -8.3408E-03  6.2816E-01  0.0000E+00
 SE:             3.7254E-02  1.0250E-01  0.0000E+00  0.0000E+00  0.0000E+00  0.0000E+00  0.0000E+00  0.0000E+00  0.0000E+00  1.3899E-01
                 1.2052E-01  0.0000E+00  0.0000E+00  1.2858E-01  9.7684E-02  0.0000E+00  0.0000E+00  1.0945E-01  1.2056E-01  0.0000E+00
                 0.0000E+00  1.2636E-01  1.4004E-01  0.0000E+00
 N:                      48          48          48          48          48          48          48          48          48          48
                         48          48          48          48          48          48          48          48          48          48
                         48          48          48          48

 P VAL.:         2.2746E-63  8.4227E-03  1.0000E+00  1.0000E+00  1.0000E+00  1.0000E+00  1.0000E+00  1.0000E+00  1.0000E+00  3.0958E-02
                 1.4767E-01  1.0000E+00  1.0000E+00  9.1268E-01  8.1638E-01  1.0000E+00  1.0000E+00  3.5731E-01  1.6003E-05  1.0000E+00
                 1.0000E+00  9.4737E-01  7.2818E-06  1.0000E+00

 ETASHRINKSD(%)  7.3917E+01  2.8235E+01  1.0000E+02  1.0000E+02  1.0000E+02  1.0000E+02  1.0000E+02  1.0000E+02  1.0000E+02  2.6858E+00
                 1.5619E+01  1.0000E+02  1.0000E+02  9.9728E+00  3.1606E+01  1.0000E+02  1.0000E+02  2.3366E+01  1.5588E+01  1.0000E+02
                 1.0000E+02  1.1528E+01  1.9492E+00  1.0000E+02
 ETASHRINKVR(%)  9.3197E+01  4.8499E+01  1.0000E+02  1.0000E+02  1.0000E+02  1.0000E+02  1.0000E+02  1.0000E+02  1.0000E+02  5.2994E+00
                 2.8798E+01  1.0000E+02  1.0000E+02  1.8951E+01  5.3223E+01  1.0000E+02  1.0000E+02  4.1273E+01  2.8746E+01  1.0000E+02
                 1.0000E+02  2.1728E+01  3.8604E+00  1.0000E+02
 EBVSHRINKSD(%)  1.5894E+00  4.9582E-01  1.0000E+02  1.0000E+02  1.0000E+02  1.0000E+02  1.0000E+02  1.0000E+02  1.0000E+02  1.5267E+01
                 4.7448E+00  1.0000E+02  1.0000E+02  1.4508E+01  3.6093E+00  1.0000E+02  1.0000E+02  1.4184E+01  3.8560E+00  1.0000E+02
                 1.0000E+02  1.4422E+01  4.1925E+00  1.0000E+02
 EBVSHRINKVR(%)  3.1535E+00  9.8919E-01  1.0000E+02  1.0000E+02  1.0000E+02  1.0000E+02  1.0000E+02  1.0000E+02  1.0000E+02  2.8203E+01
                 9.2645E+00  1.0000E+02  1.0000E+02  2.6912E+01  7.0883E+00  1.0000E+02  1.0000E+02  2.6356E+01  7.5634E+00  1.0000E+02
                 1.0000E+02  2.6764E+01  8.2093E+00  1.0000E+02
 EPSSHRINKSD(%)  7.2271E+00  1.0000E+02
 EPSSHRINKVR(%)  1.3932E+01  1.0000E+02

  
 TOTAL DATA POINTS NORMALLY DISTRIBUTED (N):         2669
 N*LOG(2PI) CONSTANT TO OBJECTIVE FUNCTION:    4905.2938902465430     
 OBJECTIVE FUNCTION VALUE WITHOUT CONSTANT:    10867.339856742485     
 OBJECTIVE FUNCTION VALUE WITH CONSTANT:       15772.633746989028     
 REPORTED OBJECTIVE FUNCTION DOES NOT CONTAIN CONSTANT
  
 TOTAL EFFECTIVE ETAS (NIND*NETA):                           480
  
 #TERE:
 Elapsed estimation  time in seconds:  2437.95
 TESTING R MATRIX FOR POSITIVE DEFINITNESS
 R MATRIX IS NOT POSITIVE DEFINITE
 PRECONDITIONING CYCLE NO.            1
 TESTING R MATRIX FOR POSITIVE DEFINITNESS
 R MATRIX IS NOT POSITIVE DEFINITE
 PRECONDITIONING CYCLE NO.            2
 Elapsed covariance  time in seconds:  2586.12
 Elapsed postprocess time in seconds:     0.00
1
 
 
 
 
 
 
 
 
 
 
 
 
 
 
 
 
 
 
 
 
 ************************************************************************************************************************
 ********************                                                                                ********************
 ********************                LAPLACIAN CONDITIONAL ESTIMATION WITH INTERACTION               ********************
 #OBJT:**************                       MINIMUM VALUE OF OBJECTIVE FUNCTION                      ********************
 ********************                                                                                ********************
 ************************************************************************************************************************
 





 #OBJV:********************************************    10867.340       **************************************************
1
 ************************************************************************************************************************
 ********************                                                                                ********************
 ********************                LAPLACIAN CONDITIONAL ESTIMATION WITH INTERACTION               ********************
 ********************                             FINAL PARAMETER ESTIMATE                           ********************
 ********************                                                                                ********************
 ************************************************************************************************************************
 


 THETA - VECTOR OF FIXED EFFECTS PARAMETERS   *********


         TH 1      TH 2      TH 3      TH 4      TH 5      TH 6      TH 7      TH 8      TH 9      TH10      TH11      TH12     
          TH13      TH14      TH15     
 
         9.35E+00  1.11E+01 -3.47E+00 -1.56E+00 -2.33E-01  1.17E+00  2.74E-02 -1.40E+00  4.15E-01 -1.69E+00 -2.73E+00 -4.21E-01
         -3.47E-01 -1.23E+00 -1.28E+00
 


 OMEGA - COV MATRIX FOR RANDOM EFFECTS - ETAS  ********


         ETA1      ETA2      ETA3      ETA4      ETA5      ETA6      ETA7      ETA8      ETA9      ET10      ET11      ET12     
          ET13      ET14      ET15      ET16      ET17      ET18      ET19      ET20      ET21      ET22      ET23      ET24     

 
 ETA1
+        1.00E+00
 
 ETA2
+        0.00E+00  1.00E+00
 
 ETA3
+        0.00E+00  0.00E+00  1.00E+00
 
 ETA4
+        0.00E+00  0.00E+00  0.00E+00  1.00E+00
 
 ETA5
+        0.00E+00  0.00E+00  0.00E+00  0.00E+00  1.00E+00
 
 ETA6
+        0.00E+00  0.00E+00  0.00E+00  0.00E+00  0.00E+00  1.00E+00
 
 ETA7
+        0.00E+00  0.00E+00  0.00E+00  0.00E+00  0.00E+00  0.00E+00  1.00E+00
 
 ETA8
+        0.00E+00  0.00E+00  0.00E+00  0.00E+00  0.00E+00  0.00E+00  0.00E+00  1.00E+00
 
 ETA9
+        0.00E+00  0.00E+00  0.00E+00  0.00E+00  0.00E+00  0.00E+00  0.00E+00  0.00E+00  1.00E+00
 
 ET10
+        0.00E+00  0.00E+00  0.00E+00  0.00E+00  0.00E+00  0.00E+00  0.00E+00  0.00E+00  0.00E+00  1.00E+00
 
 ET11
+        0.00E+00  0.00E+00  0.00E+00  0.00E+00  0.00E+00  0.00E+00  0.00E+00  0.00E+00  0.00E+00  0.00E+00  1.00E+00
 
 ET12
+        0.00E+00  0.00E+00  0.00E+00  0.00E+00  0.00E+00  0.00E+00  0.00E+00  0.00E+00  0.00E+00  0.00E+00  0.00E+00  1.00E+00
 
 ET13
+        0.00E+00  0.00E+00  0.00E+00  0.00E+00  0.00E+00  0.00E+00  0.00E+00  0.00E+00  0.00E+00  0.00E+00  0.00E+00  0.00E+00
          1.00E+00
 
 ET14
+        0.00E+00  0.00E+00  0.00E+00  0.00E+00  0.00E+00  0.00E+00  0.00E+00  0.00E+00  0.00E+00  0.00E+00  0.00E+00  0.00E+00
          0.00E+00  1.00E+00
 
1

         ETA1      ETA2      ETA3      ETA4      ETA5      ETA6      ETA7      ETA8      ETA9      ET10      ET11      ET12     
          ET13      ET14      ET15      ET16      ET17      ET18      ET19      ET20      ET21      ET22      ET23      ET24     

 
 ET15
+        0.00E+00  0.00E+00  0.00E+00  0.00E+00  0.00E+00  0.00E+00  0.00E+00  0.00E+00  0.00E+00  0.00E+00  0.00E+00  0.00E+00
          0.00E+00  0.00E+00  1.00E+00
 
 ET16
+        0.00E+00  0.00E+00  0.00E+00  0.00E+00  0.00E+00  0.00E+00  0.00E+00  0.00E+00  0.00E+00  0.00E+00  0.00E+00  0.00E+00
          0.00E+00  0.00E+00  0.00E+00  1.00E+00
 
 ET17
+        0.00E+00  0.00E+00  0.00E+00  0.00E+00  0.00E+00  0.00E+00  0.00E+00  0.00E+00  0.00E+00  0.00E+00  0.00E+00  0.00E+00
          0.00E+00  0.00E+00  0.00E+00  0.00E+00  1.00E+00
 
 ET18
+        0.00E+00  0.00E+00  0.00E+00  0.00E+00  0.00E+00  0.00E+00  0.00E+00  0.00E+00  0.00E+00  0.00E+00  0.00E+00  0.00E+00
          0.00E+00  0.00E+00  0.00E+00  0.00E+00  0.00E+00  1.00E+00
 
 ET19
+        0.00E+00  0.00E+00  0.00E+00  0.00E+00  0.00E+00  0.00E+00  0.00E+00  0.00E+00  0.00E+00  0.00E+00  0.00E+00  0.00E+00
          0.00E+00  0.00E+00  0.00E+00  0.00E+00  0.00E+00  0.00E+00  1.00E+00
 
 ET20
+        0.00E+00  0.00E+00  0.00E+00  0.00E+00  0.00E+00  0.00E+00  0.00E+00  0.00E+00  0.00E+00  0.00E+00  0.00E+00  0.00E+00
          0.00E+00  0.00E+00  0.00E+00  0.00E+00  0.00E+00  0.00E+00  0.00E+00  1.00E+00
 
 ET21
+        0.00E+00  0.00E+00  0.00E+00  0.00E+00  0.00E+00  0.00E+00  0.00E+00  0.00E+00  0.00E+00  0.00E+00  0.00E+00  0.00E+00
          0.00E+00  0.00E+00  0.00E+00  0.00E+00  0.00E+00  0.00E+00  0.00E+00  0.00E+00  1.00E+00
 
 ET22
+        0.00E+00  0.00E+00  0.00E+00  0.00E+00  0.00E+00  0.00E+00  0.00E+00  0.00E+00  0.00E+00  0.00E+00  0.00E+00  0.00E+00
          0.00E+00  0.00E+00  0.00E+00  0.00E+00  0.00E+00  0.00E+00  0.00E+00  0.00E+00  0.00E+00  1.00E+00
 
 ET23
+        0.00E+00  0.00E+00  0.00E+00  0.00E+00  0.00E+00  0.00E+00  0.00E+00  0.00E+00  0.00E+00  0.00E+00  0.00E+00  0.00E+00
          0.00E+00  0.00E+00  0.00E+00  0.00E+00  0.00E+00  0.00E+00  0.00E+00  0.00E+00  0.00E+00  0.00E+00  1.00E+00
 
 ET24
+        0.00E+00  0.00E+00  0.00E+00  0.00E+00  0.00E+00  0.00E+00  0.00E+00  0.00E+00  0.00E+00  0.00E+00  0.00E+00  0.00E+00
          0.00E+00  0.00E+00  0.00E+00  0.00E+00  0.00E+00  0.00E+00  0.00E+00  0.00E+00  0.00E+00  0.00E+00  0.00E+00  1.00E+00
 


 SIGMA - COV MATRIX FOR RANDOM EFFECTS - EPSILONS  ****


         EPS1      EPS2     
 
 EPS1
+        1.00E+00
 
 EPS2
+        0.00E+00  1.00E+00
 
1


 OMEGA - CORR MATRIX FOR RANDOM EFFECTS - ETAS  *******


         ETA1      ETA2      ETA3      ETA4      ETA5      ETA6      ETA7      ETA8      ETA9      ET10      ET11      ET12     
          ET13      ET14      ET15      ET16      ET17      ET18      ET19      ET20      ET21      ET22      ET23      ET24     

 
 ETA1
+        1.00E+00
 
 ETA2
+        0.00E+00  1.00E+00
 
 ETA3
+        0.00E+00  0.00E+00  1.00E+00
 
 ETA4
+        0.00E+00  0.00E+00  0.00E+00  1.00E+00
 
 ETA5
+        0.00E+00  0.00E+00  0.00E+00  0.00E+00  1.00E+00
 
 ETA6
+        0.00E+00  0.00E+00  0.00E+00  0.00E+00  0.00E+00  1.00E+00
 
 ETA7
+        0.00E+00  0.00E+00  0.00E+00  0.00E+00  0.00E+00  0.00E+00  1.00E+00
 
 ETA8
+        0.00E+00  0.00E+00  0.00E+00  0.00E+00  0.00E+00  0.00E+00  0.00E+00  1.00E+00
 
 ETA9
+        0.00E+00  0.00E+00  0.00E+00  0.00E+00  0.00E+00  0.00E+00  0.00E+00  0.00E+00  1.00E+00
 
 ET10
+        0.00E+00  0.00E+00  0.00E+00  0.00E+00  0.00E+00  0.00E+00  0.00E+00  0.00E+00  0.00E+00  1.00E+00
 
 ET11
+        0.00E+00  0.00E+00  0.00E+00  0.00E+00  0.00E+00  0.00E+00  0.00E+00  0.00E+00  0.00E+00  0.00E+00  1.00E+00
 
 ET12
+        0.00E+00  0.00E+00  0.00E+00  0.00E+00  0.00E+00  0.00E+00  0.00E+00  0.00E+00  0.00E+00  0.00E+00  0.00E+00  1.00E+00
 
 ET13
+        0.00E+00  0.00E+00  0.00E+00  0.00E+00  0.00E+00  0.00E+00  0.00E+00  0.00E+00  0.00E+00  0.00E+00  0.00E+00  0.00E+00
          1.00E+00
 
 ET14
+        0.00E+00  0.00E+00  0.00E+00  0.00E+00  0.00E+00  0.00E+00  0.00E+00  0.00E+00  0.00E+00  0.00E+00  0.00E+00  0.00E+00
          0.00E+00  1.00E+00
 
 ET15
+        0.00E+00  0.00E+00  0.00E+00  0.00E+00  0.00E+00  0.00E+00  0.00E+00  0.00E+00  0.00E+00  0.00E+00  0.00E+00  0.00E+00
          0.00E+00  0.00E+00  1.00E+00
 
 ET16
+        0.00E+00  0.00E+00  0.00E+00  0.00E+00  0.00E+00  0.00E+00  0.00E+00  0.00E+00  0.00E+00  0.00E+00  0.00E+00  0.00E+00
          0.00E+00  0.00E+00  0.00E+00  1.00E+00
 
 ET17
+        0.00E+00  0.00E+00  0.00E+00  0.00E+00  0.00E+00  0.00E+00  0.00E+00  0.00E+00  0.00E+00  0.00E+00  0.00E+00  0.00E+00
          0.00E+00  0.00E+00  0.00E+00  0.00E+00  1.00E+00
 
 ET18
+        0.00E+00  0.00E+00  0.00E+00  0.00E+00  0.00E+00  0.00E+00  0.00E+00  0.00E+00  0.00E+00  0.00E+00  0.00E+00  0.00E+00
          0.00E+00  0.00E+00  0.00E+00  0.00E+00  0.00E+00  1.00E+00
 
 ET19
+        0.00E+00  0.00E+00  0.00E+00  0.00E+00  0.00E+00  0.00E+00  0.00E+00  0.00E+00  0.00E+00  0.00E+00  0.00E+00  0.00E+00
          0.00E+00  0.00E+00  0.00E+00  0.00E+00  0.00E+00  0.00E+00  1.00E+00
 
 ET20
+        0.00E+00  0.00E+00  0.00E+00  0.00E+00  0.00E+00  0.00E+00  0.00E+00  0.00E+00  0.00E+00  0.00E+00  0.00E+00  0.00E+00
          0.00E+00  0.00E+00  0.00E+00  0.00E+00  0.00E+00  0.00E+00  0.00E+00  1.00E+00
 
1

         ETA1      ETA2      ETA3      ETA4      ETA5      ETA6      ETA7      ETA8      ETA9      ET10      ET11      ET12     
          ET13      ET14      ET15      ET16      ET17      ET18      ET19      ET20      ET21      ET22      ET23      ET24     

 
 ET21
+        0.00E+00  0.00E+00  0.00E+00  0.00E+00  0.00E+00  0.00E+00  0.00E+00  0.00E+00  0.00E+00  0.00E+00  0.00E+00  0.00E+00
          0.00E+00  0.00E+00  0.00E+00  0.00E+00  0.00E+00  0.00E+00  0.00E+00  0.00E+00  1.00E+00
 
 ET22
+        0.00E+00  0.00E+00  0.00E+00  0.00E+00  0.00E+00  0.00E+00  0.00E+00  0.00E+00  0.00E+00  0.00E+00  0.00E+00  0.00E+00
          0.00E+00  0.00E+00  0.00E+00  0.00E+00  0.00E+00  0.00E+00  0.00E+00  0.00E+00  0.00E+00  1.00E+00
 
 ET23
+        0.00E+00  0.00E+00  0.00E+00  0.00E+00  0.00E+00  0.00E+00  0.00E+00  0.00E+00  0.00E+00  0.00E+00  0.00E+00  0.00E+00
          0.00E+00  0.00E+00  0.00E+00  0.00E+00  0.00E+00  0.00E+00  0.00E+00  0.00E+00  0.00E+00  0.00E+00  1.00E+00
 
 ET24
+        0.00E+00  0.00E+00  0.00E+00  0.00E+00  0.00E+00  0.00E+00  0.00E+00  0.00E+00  0.00E+00  0.00E+00  0.00E+00  0.00E+00
          0.00E+00  0.00E+00  0.00E+00  0.00E+00  0.00E+00  0.00E+00  0.00E+00  0.00E+00  0.00E+00  0.00E+00  0.00E+00  1.00E+00
 


 SIGMA - CORR MATRIX FOR RANDOM EFFECTS - EPSILONS  ***


         EPS1      EPS2     
 
 EPS1
+        1.00E+00
 
 EPS2
+        0.00E+00  1.00E+00
 
1
 ************************************************************************************************************************
 ********************                                                                                ********************
 ********************                LAPLACIAN CONDITIONAL ESTIMATION WITH INTERACTION               ********************
 ********************                            STANDARD ERROR OF ESTIMATE                          ********************
 ********************                                                                                ********************
 ************************************************************************************************************************
 


 THETA - VECTOR OF FIXED EFFECTS PARAMETERS   *********


         TH 1      TH 2      TH 3      TH 4      TH 5      TH 6      TH 7      TH 8      TH 9      TH10      TH11      TH12     
          TH13      TH14      TH15     
 
         7.06E-01  1.12E-01  1.85E+00  7.63E-01  3.57E-01  4.42E-01  1.03E-01  2.72E-01  1.53E-02  1.22E+00  8.38E-01  1.84E-01
          4.76E-01  6.78E-01  2.99E-01
 


 OMEGA - COV MATRIX FOR RANDOM EFFECTS - ETAS  ********


         ETA1      ETA2      ETA3      ETA4      ETA5      ETA6      ETA7      ETA8      ETA9      ET10      ET11      ET12     
          ET13      ET14      ET15      ET16      ET17      ET18      ET19      ET20      ET21      ET22      ET23      ET24     

 
 ETA1
+       .........
 
 ETA2
+       ......... .........
 
 ETA3
+       ......... ......... .........
 
 ETA4
+       ......... ......... ......... .........
 
 ETA5
+       ......... ......... ......... ......... .........
 
 ETA6
+       ......... ......... ......... ......... ......... .........
 
 ETA7
+       ......... ......... ......... ......... ......... ......... .........
 
 ETA8
+       ......... ......... ......... ......... ......... ......... ......... .........
 
 ETA9
+       ......... ......... ......... ......... ......... ......... ......... ......... .........
 
 ET10
+       ......... ......... ......... ......... ......... ......... ......... ......... ......... .........
 
 ET11
+       ......... ......... ......... ......... ......... ......... ......... ......... ......... ......... .........
 
 ET12
+       ......... ......... ......... ......... ......... ......... ......... ......... ......... ......... ......... .........
 
 ET13
+       ......... ......... ......... ......... ......... ......... ......... ......... ......... ......... ......... .........
         .........
 
 ET14
+       ......... ......... ......... ......... ......... ......... ......... ......... ......... ......... ......... .........
         ......... .........
 
1

         ETA1      ETA2      ETA3      ETA4      ETA5      ETA6      ETA7      ETA8      ETA9      ET10      ET11      ET12     
          ET13      ET14      ET15      ET16      ET17      ET18      ET19      ET20      ET21      ET22      ET23      ET24     

 
 ET15
+       ......... ......... ......... ......... ......... ......... ......... ......... ......... ......... ......... .........
         ......... ......... .........
 
 ET16
+       ......... ......... ......... ......... ......... ......... ......... ......... ......... ......... ......... .........
         ......... ......... ......... .........
 
 ET17
+       ......... ......... ......... ......... ......... ......... ......... ......... ......... ......... ......... .........
         ......... ......... ......... ......... .........
 
 ET18
+       ......... ......... ......... ......... ......... ......... ......... ......... ......... ......... ......... .........
         ......... ......... ......... ......... ......... .........
 
 ET19
+       ......... ......... ......... ......... ......... ......... ......... ......... ......... ......... ......... .........
         ......... ......... ......... ......... ......... ......... .........
 
 ET20
+       ......... ......... ......... ......... ......... ......... ......... ......... ......... ......... ......... .........
         ......... ......... ......... ......... ......... ......... ......... .........
 
 ET21
+       ......... ......... ......... ......... ......... ......... ......... ......... ......... ......... ......... .........
         ......... ......... ......... ......... ......... ......... ......... ......... .........
 
 ET22
+       ......... ......... ......... ......... ......... ......... ......... ......... ......... ......... ......... .........
         ......... ......... ......... ......... ......... ......... ......... ......... ......... .........
 
 ET23
+       ......... ......... ......... ......... ......... ......... ......... ......... ......... ......... ......... .........
         ......... ......... ......... ......... ......... ......... ......... ......... ......... ......... .........
 
 ET24
+       ......... ......... ......... ......... ......... ......... ......... ......... ......... ......... ......... .........
         ......... ......... ......... ......... ......... ......... ......... ......... ......... ......... ......... .........
 


 SIGMA - COV MATRIX FOR RANDOM EFFECTS - EPSILONS  ****


         EPS1      EPS2     
 
 EPS1
+       .........
 
 EPS2
+       ......... .........
 
1


 OMEGA - CORR MATRIX FOR RANDOM EFFECTS - ETAS  *******


         ETA1      ETA2      ETA3      ETA4      ETA5      ETA6      ETA7      ETA8      ETA9      ET10      ET11      ET12     
          ET13      ET14      ET15      ET16      ET17      ET18      ET19      ET20      ET21      ET22      ET23      ET24     

 
 ETA1
+       .........
 
 ETA2
+       ......... .........
 
 ETA3
+       ......... ......... .........
 
 ETA4
+       ......... ......... ......... .........
 
 ETA5
+       ......... ......... ......... ......... .........
 
 ETA6
+       ......... ......... ......... ......... ......... .........
 
 ETA7
+       ......... ......... ......... ......... ......... ......... .........
 
 ETA8
+       ......... ......... ......... ......... ......... ......... ......... .........
 
 ETA9
+       ......... ......... ......... ......... ......... ......... ......... ......... .........
 
 ET10
+       ......... ......... ......... ......... ......... ......... ......... ......... ......... .........
 
 ET11
+       ......... ......... ......... ......... ......... ......... ......... ......... ......... ......... .........
 
 ET12
+       ......... ......... ......... ......... ......... ......... ......... ......... ......... ......... ......... .........
 
 ET13
+       ......... ......... ......... ......... ......... ......... ......... ......... ......... ......... ......... .........
         .........
 
 ET14
+       ......... ......... ......... ......... ......... ......... ......... ......... ......... ......... ......... .........
         ......... .........
 
 ET15
+       ......... ......... ......... ......... ......... ......... ......... ......... ......... ......... ......... .........
         ......... ......... .........
 
 ET16
+       ......... ......... ......... ......... ......... ......... ......... ......... ......... ......... ......... .........
         ......... ......... ......... .........
 
 ET17
+       ......... ......... ......... ......... ......... ......... ......... ......... ......... ......... ......... .........
         ......... ......... ......... ......... .........
 
 ET18
+       ......... ......... ......... ......... ......... ......... ......... ......... ......... ......... ......... .........
         ......... ......... ......... ......... ......... .........
 
 ET19
+       ......... ......... ......... ......... ......... ......... ......... ......... ......... ......... ......... .........
         ......... ......... ......... ......... ......... ......... .........
 
 ET20
+       ......... ......... ......... ......... ......... ......... ......... ......... ......... ......... ......... .........
         ......... ......... ......... ......... ......... ......... ......... .........
 
1

         ETA1      ETA2      ETA3      ETA4      ETA5      ETA6      ETA7      ETA8      ETA9      ET10      ET11      ET12     
          ET13      ET14      ET15      ET16      ET17      ET18      ET19      ET20      ET21      ET22      ET23      ET24     

 
 ET21
+       ......... ......... ......... ......... ......... ......... ......... ......... ......... ......... ......... .........
         ......... ......... ......... ......... ......... ......... ......... ......... .........
 
 ET22
+       ......... ......... ......... ......... ......... ......... ......... ......... ......... ......... ......... .........
         ......... ......... ......... ......... ......... ......... ......... ......... ......... .........
 
 ET23
+       ......... ......... ......... ......... ......... ......... ......... ......... ......... ......... ......... .........
         ......... ......... ......... ......... ......... ......... ......... ......... ......... ......... .........
 
 ET24
+       ......... ......... ......... ......... ......... ......... ......... ......... ......... ......... ......... .........
         ......... ......... ......... ......... ......... ......... ......... ......... ......... ......... ......... .........
 


 SIGMA - CORR MATRIX FOR RANDOM EFFECTS - EPSILONS  ***


         EPS1      EPS2     
 
 EPS1
+       .........
 
 EPS2
+       ......... .........
 
1
 ************************************************************************************************************************
 ********************                                                                                ********************
 ********************                LAPLACIAN CONDITIONAL ESTIMATION WITH INTERACTION               ********************
 ********************                          COVARIANCE MATRIX OF ESTIMATE                         ********************
 ********************                                                                                ********************
 ************************************************************************************************************************
 

     TH 1 | TH 1      TH 2 | TH 1      TH 2 | TH 2      TH 3 | TH 1      TH 3 | TH 2      TH 3 | TH 3      TH 4 | TH 1  
       4.98E-01         7.89E-02         1.25E-02        -1.30E+00        -2.07E-01         3.42E+00        -5.38E-01

     TH 4 | TH 2      TH 4 | TH 3      TH 4 | TH 4      TH 5 | TH 1      TH 5 | TH 2      TH 5 | TH 3      TH 5 | TH 4  
      -8.53E-02         1.41E+00         5.82E-01        -2.52E-01        -3.99E-02         6.61E-01         2.73E-01

     TH 5 | TH 5      TH 6 | TH 1      TH 6 | TH 2      TH 6 | TH 3      TH 6 | TH 4      TH 6 | TH 5      TH 6 | TH 6  
       1.28E-01         3.12E-01         4.93E-02        -8.17E-01        -3.37E-01        -1.58E-01         1.95E-01

     TH 7 | TH 1      TH 7 | TH 2      TH 7 | TH 3      TH 7 | TH 4      TH 7 | TH 5      TH 7 | TH 6      TH 7 | TH 7  
      -7.27E-02        -1.15E-02         1.91E-01         7.86E-02         3.68E-02        -4.55E-02         1.06E-02

     TH 8 | TH 1      TH 8 | TH 2      TH 8 | TH 3      TH 8 | TH 4      TH 8 | TH 5      TH 8 | TH 6      TH 8 | TH 7  
       1.92E-01         3.04E-02        -5.03E-01        -2.08E-01        -9.73E-02         1.20E-01        -2.80E-02

     TH 8 | TH 8      TH 9 | TH 1      TH 9 | TH 2      TH 9 | TH 3      TH 9 | TH 4      TH 9 | TH 5      TH 9 | TH 6  
       7.41E-02         1.07E-02         1.71E-03        -2.79E-02        -1.15E-02        -5.40E-03         6.67E-03

     TH 9 | TH 7      TH 9 | TH 8      TH 9 | TH 9      TH10 | TH 1      TH10 | TH 2      TH10 | TH 3      TH10 | TH 4  
      -1.56E-03         4.11E-03         2.34E-04        -8.63E-01        -1.37E-01         2.26E+00         9.33E-01

     TH10 | TH 5      TH10 | TH 6      TH10 | TH 7      TH10 | TH 8      TH10 | TH 9      TH10 | TH10      TH11 | TH 1  
       4.37E-01        -5.40E-01         1.26E-01        -3.33E-01        -1.85E-02         1.50E+00         5.91E-01

     TH11 | TH 2      TH11 | TH 3      TH11 | TH 4      TH11 | TH 5      TH11 | TH 6      TH11 | TH 7      TH11 | TH 8  
       9.36E-02        -1.55E+00        -6.39E-01        -2.99E-01         3.70E-01        -8.63E-02         2.28E-01

     TH11 | TH 9      TH11 | TH10      TH11 | TH11      TH12 | TH 1      TH12 | TH 2      TH12 | TH 3      TH12 | TH 4  
       1.26E-02        -1.02E+00         7.02E-01         1.30E-01         2.05E-02        -3.40E-01        -1.40E-01

     TH12 | TH 5      TH12 | TH 6      TH12 | TH 7      TH12 | TH 8      TH12 | TH 9      TH12 | TH10      TH12 | TH11  
      -6.57E-02         8.12E-02        -1.89E-02         5.01E-02         2.77E-03        -2.25E-01         1.54E-01

     TH12 | TH12      TH13 | TH 1      TH13 | TH 2      TH13 | TH 3      TH13 | TH 4      TH13 | TH 5      TH13 | TH 6  
       3.38E-02        -3.36E-01        -5.32E-02         8.80E-01         3.63E-01         1.70E-01        -2.10E-01

     TH13 | TH 7      TH13 | TH 8      TH13 | TH 9      TH13 | TH10      TH13 | TH11      TH13 | TH12      TH13 | TH13  
       4.90E-02        -1.30E-01        -7.20E-03         5.82E-01        -3.99E-01        -8.75E-02         2.27E-01

     TH14 | TH 1      TH14 | TH 2      TH14 | TH 3      TH14 | TH 4      TH14 | TH 5      TH14 | TH 6      TH14 | TH 7  
      -4.78E-01        -7.57E-02         1.25E+00         5.17E-01         2.42E-01        -2.99E-01         6.98E-02

     TH14 | TH 8      TH14 | TH 9      TH14 | TH10      TH14 | TH11      TH14 | TH12      TH14 | TH13      TH14 | TH14  
      -1.84E-01        -1.02E-02         8.29E-01        -5.68E-01        -1.25E-01         3.22E-01         4.59E-01

     TH15 | TH 1      TH15 | TH 2      TH15 | TH 3      TH15 | TH 4      TH15 | TH 5      TH15 | TH 6      TH15 | TH 7  
      -2.11E-01        -3.34E-02         5.53E-01         2.28E-01         1.07E-01        -1.32E-01         3.08E-02

     TH15 | TH 8      TH15 | TH 9      TH15 | TH10      TH15 | TH11      TH15 | TH12      TH15 | TH13      TH15 | TH14  
      -8.14E-02        -4.52E-03         3.66E-01        -2.51E-01        -5.50E-02         1.42E-01         2.03E-01

     TH15 | TH15    
       8.95E-02
1
 ************************************************************************************************************************
 ********************                                                                                ********************
 ********************                LAPLACIAN CONDITIONAL ESTIMATION WITH INTERACTION               ********************
 ********************                          CORRELATION MATRIX OF ESTIMATE                        ********************
 ********************                                                                                ********************
 ************************************************************************************************************************
 

     TH 1 | TH 1      TH 2 | TH 1      TH 2 | TH 2      TH 3 | TH 1      TH 3 | TH 2      TH 3 | TH 3      TH 4 | TH 1  
       7.06E-01         9.98E-01         1.12E-01        -1.00E+00        -9.98E-01         1.85E+00        -1.00E+00

     TH 4 | TH 2      TH 4 | TH 3      TH 4 | TH 4      TH 5 | TH 1      TH 5 | TH 2      TH 5 | TH 3      TH 5 | TH 4  
      -9.98E-01         1.00E+00         7.63E-01        -1.00E+00        -9.98E-01         1.00E+00         1.00E+00

     TH 5 | TH 5      TH 6 | TH 1      TH 6 | TH 2      TH 6 | TH 3      TH 6 | TH 4      TH 6 | TH 5      TH 6 | TH 6  
       3.57E-01         1.00E+00         9.98E-01        -1.00E+00        -1.00E+00        -1.00E+00         4.42E-01

     TH 7 | TH 1      TH 7 | TH 2      TH 7 | TH 3      TH 7 | TH 4      TH 7 | TH 5      TH 7 | TH 6      TH 7 | TH 7  
      -1.00E+00        -9.98E-01         1.00E+00         1.00E+00         1.00E+00        -1.00E+00         1.03E-01

     TH 8 | TH 1      TH 8 | TH 2      TH 8 | TH 3      TH 8 | TH 4      TH 8 | TH 5      TH 8 | TH 6      TH 8 | TH 7  
       1.00E+00         9.98E-01        -1.00E+00        -1.00E+00        -1.00E+00         1.00E+00        -1.00E+00

     TH 8 | TH 8      TH 9 | TH 1      TH 9 | TH 2      TH 9 | TH 3      TH 9 | TH 4      TH 9 | TH 5      TH 9 | TH 6  
       2.72E-01         9.87E-01         9.95E-01        -9.87E-01        -9.88E-01        -9.86E-01         9.86E-01

     TH 9 | TH 7      TH 9 | TH 8      TH 9 | TH 9      TH10 | TH 1      TH10 | TH 2      TH10 | TH 3      TH10 | TH 4  
      -9.88E-01         9.86E-01         1.53E-02        -1.00E+00        -9.98E-01         1.00E+00         1.00E+00

     TH10 | TH 5      TH10 | TH 6      TH10 | TH 7      TH10 | TH 8      TH10 | TH 9      TH10 | TH10      TH11 | TH 1  
       1.00E+00        -1.00E+00         1.00E+00        -1.00E+00        -9.86E-01         1.22E+00         1.00E+00

     TH11 | TH 2      TH11 | TH 3      TH11 | TH 4      TH11 | TH 5      TH11 | TH 6      TH11 | TH 7      TH11 | TH 8  
       9.97E-01        -1.00E+00        -1.00E+00        -1.00E+00         1.00E+00        -1.00E+00         1.00E+00

     TH11 | TH 9      TH11 | TH10      TH11 | TH11      TH12 | TH 1      TH12 | TH 2      TH12 | TH 3      TH12 | TH 4  
       9.85E-01        -1.00E+00         8.38E-01         1.00E+00         9.98E-01        -1.00E+00        -1.00E+00

     TH12 | TH 5      TH12 | TH 6      TH12 | TH 7      TH12 | TH 8      TH12 | TH 9      TH12 | TH10      TH12 | TH11  
      -1.00E+00         1.00E+00        -1.00E+00         1.00E+00         9.86E-01        -1.00E+00         1.00E+00

     TH12 | TH12      TH13 | TH 1      TH13 | TH 2      TH13 | TH 3      TH13 | TH 4      TH13 | TH 5      TH13 | TH 6  
       1.84E-01        -1.00E+00        -9.98E-01         1.00E+00         1.00E+00         1.00E+00        -1.00E+00

     TH13 | TH 7      TH13 | TH 8      TH13 | TH 9      TH13 | TH10      TH13 | TH11      TH13 | TH12      TH13 | TH13  
       1.00E+00        -1.00E+00        -9.88E-01         1.00E+00        -1.00E+00        -1.00E+00         4.76E-01

     TH14 | TH 1      TH14 | TH 2      TH14 | TH 3      TH14 | TH 4      TH14 | TH 5      TH14 | TH 6      TH14 | TH 7  
      -1.00E+00        -9.98E-01         1.00E+00         1.00E+00         1.00E+00        -1.00E+00         1.00E+00

     TH14 | TH 8      TH14 | TH 9      TH14 | TH10      TH14 | TH11      TH14 | TH12      TH14 | TH13      TH14 | TH14  
      -1.00E+00        -9.87E-01         1.00E+00        -1.00E+00        -1.00E+00         1.00E+00         6.78E-01

     TH15 | TH 1      TH15 | TH 2      TH15 | TH 3      TH15 | TH 4      TH15 | TH 5      TH15 | TH 6      TH15 | TH 7  
      -1.00E+00        -9.98E-01         1.00E+00         1.00E+00         1.00E+00        -1.00E+00         1.00E+00

     TH15 | TH 8      TH15 | TH 9      TH15 | TH10      TH15 | TH11      TH15 | TH12      TH15 | TH13      TH15 | TH14  
      -1.00E+00        -9.86E-01         1.00E+00        -1.00E+00        -1.00E+00         1.00E+00         1.00E+00

     TH15 | TH15    
       2.99E-01
1
 ************************************************************************************************************************
 ********************                                                                                ********************
 ********************                LAPLACIAN CONDITIONAL ESTIMATION WITH INTERACTION               ********************
 ********************                      INVERSE COVARIANCE MATRIX OF ESTIMATE                     ********************
 ********************                                                                                ********************
 ************************************************************************************************************************
 

     TH 1 | TH 1      TH 2 | TH 1      TH 2 | TH 2      TH 3 | TH 1      TH 3 | TH 2      TH 3 | TH 3      TH 4 | TH 1  
       4.99E+18         1.55E+18         5.24E+17        -2.00E+18        -7.07E+17         1.10E+18         4.89E+18

     TH 4 | TH 2      TH 4 | TH 3      TH 4 | TH 4      TH 5 | TH 1      TH 5 | TH 2      TH 5 | TH 3      TH 5 | TH 4  
       1.64E+18        -2.31E+18         5.24E+18         1.39E+19         4.10E+18        -5.32E+18         1.32E+19

     TH 5 | TH 5      TH 6 | TH 1      TH 6 | TH 2      TH 6 | TH 3      TH 6 | TH 4      TH 6 | TH 5      TH 6 | TH 6  
       3.99E+19         1.54E+18         6.26E+17        -9.41E+17         1.95E+18         3.57E+18         1.01E+18

     TH 7 | TH 1      TH 7 | TH 2      TH 7 | TH 3      TH 7 | TH 4      TH 7 | TH 5      TH 7 | TH 6      TH 7 | TH 7  
      -3.84E+18        -6.16E+17        -4.29E+17        -1.44E+18        -1.23E+19         1.01E+18         1.60E+19

     TH 8 | TH 1      TH 8 | TH 2      TH 8 | TH 3      TH 8 | TH 4      TH 8 | TH 5      TH 8 | TH 6      TH 8 | TH 7  
       2.82E+19         8.90E+18        -1.20E+19         2.84E+19         7.85E+19         9.23E+18        -1.68E+19

     TH 8 | TH 8      TH 9 | TH 1      TH 9 | TH 2      TH 9 | TH 3      TH 9 | TH 4      TH 9 | TH 5      TH 9 | TH 6  
       1.62E+20        -1.18E+19        -3.94E+18         5.49E+18        -1.25E+19        -3.20E+19        -4.60E+18

     TH 9 | TH 7      TH 9 | TH 8      TH 9 | TH 9      TH10 | TH 1      TH10 | TH 2      TH10 | TH 3      TH10 | TH 4  
       4.17E+18        -6.86E+19         3.01E+19         1.17E+19         3.91E+18        -5.49E+18         1.25E+19

     TH10 | TH 5      TH10 | TH 6      TH10 | TH 7      TH10 | TH 8      TH10 | TH 9      TH10 | TH10      TH11 | TH 1  
       3.16E+19         4.62E+18        -3.70E+18         6.80E+19        -2.99E+19         2.98E+19         3.18E+18

     TH11 | TH 2      TH11 | TH 3      TH11 | TH 4      TH11 | TH 5      TH11 | TH 6      TH11 | TH 7      TH11 | TH 8  
       1.04E+18        -1.41E+18         3.30E+18         8.57E+18         1.19E+18        -1.52E+18         1.82E+19

     TH11 | TH 9      TH11 | TH10      TH11 | TH11      TH12 | TH 1      TH12 | TH 2      TH12 | TH 3      TH12 | TH 4  
      -7.92E+18         7.87E+18         2.10E+18         7.58E+18         2.55E+18        -3.59E+18         8.12E+18

     TH12 | TH 5      TH12 | TH 6      TH12 | TH 7      TH12 | TH 8      TH12 | TH 9      TH12 | TH10      TH12 | TH11  
       2.04E+19         3.05E+18        -2.17E+18         4.41E+19        -1.95E+19         1.94E+19         5.12E+18

     TH12 | TH12      TH13 | TH 1      TH13 | TH 2      TH13 | TH 3      TH13 | TH 4      TH13 | TH 5      TH13 | TH 6  
       1.26E+19        -1.21E+19        -4.03E+18         5.63E+18        -1.28E+19        -3.26E+19        -4.72E+18

     TH13 | TH 7      TH13 | TH 8      TH13 | TH 9      TH13 | TH10      TH13 | TH11      TH13 | TH12      TH13 | TH13  
       4.10E+18        -7.01E+19         3.08E+19        -3.06E+19        -8.10E+18        -1.99E+19         3.15E+19

     TH14 | TH 1      TH14 | TH 2      TH14 | TH 3      TH14 | TH 4      TH14 | TH 5      TH14 | TH 6      TH14 | TH 7  
      -5.06E+18        -1.71E+18         2.49E+18        -5.51E+18        -1.37E+19        -2.06E+18         8.61E+17

     TH14 | TH 8      TH14 | TH 9      TH14 | TH10      TH14 | TH11      TH14 | TH12      TH14 | TH13      TH14 | TH14  
      -2.98E+19         1.32E+19        -1.31E+19        -3.44E+18        -8.55E+18         1.35E+19         5.85E+18

     TH15 | TH 1      TH15 | TH 2      TH15 | TH 3      TH15 | TH 4      TH15 | TH 5      TH15 | TH 6      TH15 | TH 7  
       2.07E+19         6.93E+18        -9.72E+18         2.21E+19         5.56E+19         8.23E+18        -6.31E+18

     TH15 | TH 8      TH15 | TH 9      TH15 | TH10      TH15 | TH11      TH15 | TH12      TH15 | TH13      TH15 | TH14  
       1.20E+20        -5.29E+19         5.26E+19         1.39E+19         3.43E+19        -5.41E+19        -2.32E+19

     TH15 | TH15    
       9.31E+19
1
 
 
 
 
 
 
 
 
 
 
 
 
 
 
 
 
 
 
 
 
 ************************************************************************************************************************
 ********************                                                                                ********************
 ********************                LAPLACIAN CONDITIONAL ESTIMATION WITH INTERACTION               ********************
 ********************                      EIGENVALUES OF COR MATRIX OF ESTIMATE                     ********************
 ********************                                                                                ********************
 ************************************************************************************************************************
 

             1         2         3         4         5         6         7         8         9        10        11        12
             13        14        15
 
         1.43E-16 -2.11E-16  2.55E-16  7.74E-16  1.47E-15  7.67E-15  1.81E-13  7.68E-13  8.37E-12  4.19E-11  9.75E-10  2.36E-07
          2.12E-04  2.74E-02  1.50E+01
 
 Elapsed finaloutput time in seconds:     4.88
 #CPUT: Total CPU Time in Seconds,     5026.359
Stop Time: 
Fri 09/08/2023 
10:26 PM
OFV = 10867.339856742485
success = False
covariance = True
correlation = False
Condition # = 1.0497804029723837e+17
Num Non fixed THETAs = 15
Num Non fixed OMEGAs = 0
Num Non fixed SIGMAs = 0
Original run directory = c:/fda/mbbe/simulated_nor/run\4S020\32
